Microchip MPLAB XC8 Compiler V2.40

Linker command line:

-W-3 \
  --edf=C:\Program Files\Microchip\xc8\v2.40\pic\dat\20220703182018_en.msgs \
  -cn -h+dist/default/production\controller.X.production.sym \
  --cmf=dist/default/production\controller.X.production.cmf -z -Q16F887 \
  -oC:\Users\kirby\AppData\Local\Temp\xcAsga8.4 --defsym=__MPLAB_BUILD=1 \
  --fixupoverflow=error \
  -Mdist/default/production/controller.X.production.map \
  --md=C:\Users\kirby\AppData\Local\Temp\xcAsga8.dat -E1 -ver=XC8 Compiler \
  --acfsm=1493 -ACODE=00h-07FFhx4 -ASTRCODE=00h-01FFFh -ASTRING=00h-0FFhx32 \
  -ACONST=00h-0FFhx32 -AENTRY=00h-0FFhx32 -ACOMMON=070h-07Fh \
  -ABANK0=020h-06Fh -ABANK1=0A0h-0EFh -ABANK2=0110h-016Fh \
  -ABANK3=0190h-01EFh -ARAM=020h-06Fh,0A0h-0EFh,0110h-016Fh,0190h-01EFh \
  -AABS1=020h-07Fh,0A0h-0EFh,0110h-016Fh,0190h-01EFh -ASFR0=00h-01Fh \
  -ASFR1=080h-09Fh -ASFR2=0100h-010Fh -ASFR3=0180h-018Fh \
  -ACONFIG=02007h-02008h -DCONFIG=2 -AIDLOC=02000h-02003h -DIDLOC=2 \
  -AEEDATA=00h-0FFh/02100h -peeprom_data=EEDATA -DEEDATA=2 -DCODE=2 \
  -DSTRCODE=2 -DSTRING=2 -DCONST=2 -DENTRY=2 \
  -preset_vec=00h,intentry=04h,init,end_init -ppowerup=CODE -pcinit=CODE \
  -pfunctab=ENTRY -k C:\Users\kirby\AppData\Local\Temp\xcAsga8.o \
  dist/default/production\controller.X.production.o 

Object code version is 3.11

Machine type is 16F887



                Name                               Link     Load   Length Selector   Space Scale
C:\Users\kirby\AppData\Local\Temp\xcAsga8.o
                end_init                              C        C        3        8       0
                reset_vec                             0        0        3        0       0
                config                             2007     2007        2        0       4
                idloc                              2000     2000        4        0       5
dist/default/production\controller.X.production.o
                cinit                                 F        F       14        8       0
                intentry                              4        4        8        8       0
                config                             2007     2007        2        0       4
                idloc                              2000     2000        4        0       5
                text11                              2EC      2EC        7        8       0
                text10                              2C9      2C9        E        8       0
                text9                               294      294       15        8       0
                text8                               202      202       68        8       0
                text7                               18F      18F       73        8       0
                text6                               2D7      2D7        C        8       0
                text5                               2E3      2E3        9        8       0
                text4                               2BB      2BB        E        8       0
                text3                               2A9      2A9       12        8       0
                text2                                FA       FA       95        8       0
                text1                               26A      26A       2A        8       0
                maintext                             23       23       D7        8       0
                cstackBANK0                          20       20       13       20       1
                cstackCOMMON                         70       70        A       70       1
                dataBANK0                            36       36        2       20       1
                bssBANK0                             33       33        3       20       1
                bitbssCOMMON                        3D0       7A        5       70       1     8
                idataBANK0                          2F3      2F3        2        8       0

TOTAL           Name                               Link     Load   Length     Space
        CLASS   CODE           
                end_init                              C        C        3         0
                cinit                                 F        F       14         0
                intentry                              4        4        8         0
                reset_vec                             0        0        3         0
                text11                              2EC      2EC        7         0
                text10                              2C9      2C9        E         0
                text9                               294      294       15         0
                text8                               202      202       68         0
                text7                               18F      18F       73         0
                text6                               2D7      2D7        C         0
                text5                               2E3      2E3        9         0
                text4                               2BB      2BB        E         0
                text3                               2A9      2A9       12         0
                text2                                FA       FA       95         0
                text1                               26A      26A       2A         0
                maintext                             23       23       D7         0
                idataBANK0                          2F3      2F3        2         0

        CLASS   STRCODE        

        CLASS   STRING         

        CLASS   CONST          

        CLASS   ENTRY          

        CLASS   COMMON         
                cstackCOMMON                         70       70        A         1
                bitbssCOMMON                        3D0       7A        5         1

        CLASS   BANK0          
                cstackBANK0                          20       20       13         1
                dataBANK0                            36       36        2         1
                bssBANK0                             33       33        3         1

        CLASS   BANK1          

        CLASS   BANK2          

        CLASS   BANK3          

        CLASS   RAM            

        CLASS   ABS1           
                abs_s1                               7E       7E        2         1

        CLASS   SFR0           

        CLASS   SFR1           

        CLASS   SFR2           

        CLASS   SFR3           

        CLASS   CONFIG         
                config                             2007     2007        2         4

        CLASS   IDLOC          
                idloc                              2000     2000        4         5

        CLASS   EEDATA         

        CLASS   STACK          



SEGMENTS        Name                           Load    Length   Top    Selector   Space  Class     Delta

                reset_vec                      000000  000003  000003         0       0  CODE        2
                intentry                       000004  0002F1  0002F5         8       0  CODE        2
                cstackBANK0                    000020  000018  000038        20       1  BANK0       1
                cstackCOMMON                   000070  00000B  00007B        70       1  COMMON      1


UNUSED ADDRESS RANGES

        Name                Unused          Largest block    Delta
        BANK0            0038-006F             38           1
        BANK1            00A0-00EF             50           1
        BANK2            0110-016F             60           1
        BANK3            0190-01EF             60           1
        CODE             0003-0003              1           2
                         02F5-1FFF            800
        COMMON           007B-007D              3           1
        CONST            0003-0003              1           2
                         02F5-1FFF            100
        EEDATA           2100-21FF            100           2
        ENTRY            0003-0003              1           2
                         02F5-1FFF            100
        RAM              0038-006F             38           1
                         00A0-00EF             50
                         0110-016F             60
                         0190-01EF             60
        SFR0             0000-001F             20           1
        SFR1             0080-009F             20           1
        SFR2             0100-010F             10           1
        SFR3             0180-018F             10           1
        STRCODE          0003-0003              1           2
                         02F5-1FFF           1D0B
        STRING           0003-0003              1           2
                         02F5-1FFF            100

                                  Symbol Table

?___lldiv                cstackBANK0  0020
UARTInit@BRGH            cstackBANK0  002C
UARTInit@baud_rate       cstackBANK0  0028
UARTSendChar@c           cstackCOMMON 0073
_ADCON0bits              (abs)        001F
_ADCON1bits              (abs)        009F
_ADRESH                  (abs)        001E
_ANSEL                   (abs)        0188
_ANSELH                  (abs)        0189
_ANSELHbits              (abs)        0189
_ANSELbits               (abs)        0188
_INTCONbits              (abs)        000B
_Isr                     text9        0294
_OSCCON                  (abs)        008F
_PIE1bits                (abs)        008C
_PIR1bits                (abs)        000C
_PORTD                   (abs)        0008
_PORTDbits               (abs)        0008
_PORTE                   (abs)        0009
_PORTEbits               (abs)        0009
_RCIF                    (abs)        0065
_RCREG                   (abs)        001A
_RCSTAbits               (abs)        0018
_SPBRG                   (abs)        0099
_TRISAbits               (abs)        0085
_TRISB                   (abs)        0086
_TRISBbits               (abs)        0086
_TRISD                   (abs)        0088
_TRISE                   (abs)        0089
_TRISEbits               (abs)        0089
_TXREG                   (abs)        0019
_TXSTAbits               (abs)        0098
_UARTDataReady           text11       02EC
_UARTInit                text7        018F
_UARTReadChar            text10       02C9
_UARTSendChar            text6        02D7
__Habs1                  abs1         0000
__Hbank0                 bank0        0000
__Hbank1                 bank1        0000
__Hbank2                 bank2        0000
__Hbank3                 bank3        0000
__HbitbssCOMMON          bitbssCOMMON 0000
__HbssBANK0              bssBANK0     0000
__Hcinit                 cinit        0023
__Hclrtext               clrtext      0000
__Hcode                  code         0000
__Hcommon                common       0000
__Hconfig                config       2009
__HcstackBANK0           cstackBANK0  0000
__HcstackCOMMON          cstackCOMMON 0000
__HdataBANK0             dataBANK0    0000
__Heeprom_data           eeprom_data  0000
__Hend_init              end_init     000F
__Hfunctab               functab      0000
__HidataBANK0            idataBANK0   0000
__Hidloc                 idloc        2004
__Hinit                  init         000C
__Hintentry              intentry     000C
__Hmaintext              maintext     0000
__Hpowerup               powerup      0000
__Hram                   ram          0000
__Hreset_vec             reset_vec    0003
__Hsfr0                  sfr0         0000
__Hsfr1                  sfr1         0000
__Hsfr2                  sfr2         0000
__Hsfr3                  sfr3         0000
__Hspace_0               (abs)        02F5
__Hspace_1               (abs)        03D5
__Hspace_2               (abs)        0000
__Hspace_3               (abs)        0000
__Hspace_4               (abs)        4010
__Hstack                 stack        0000
__Hstrings               strings      0000
__Htext                  text         0000
__Labs1                  abs1         0000
__Lbank0                 bank0        0000
__Lbank1                 bank1        0000
__Lbank2                 bank2        0000
__Lbank3                 bank3        0000
__LbitbssCOMMON          bitbssCOMMON 0000
__LbssBANK0              bssBANK0     0000
__Lcinit                 cinit        000F
__Lclrtext               clrtext      0000
__Lcode                  code         0000
__Lcommon                common       0000
__Lconfig                config       0000
__LcstackBANK0           cstackBANK0  0000
__LcstackCOMMON          cstackCOMMON 0000
__LdataBANK0             dataBANK0    0000
__Leeprom_data           eeprom_data  0000
__Lend_init              end_init     000C
__Lfunctab               functab      0000
__LidataBANK0            idataBANK0   0000
__Lidloc                 idloc        0000
__Linit                  init         000C
__Lintentry              intentry     0004
__Lmaintext              maintext     0000
__Lpowerup               powerup      0000
__Lram                   ram          0000
__Lreset_vec             reset_vec    0000
__Lsfr0                  sfr0         0000
__Lsfr1                  sfr1         0000
__Lsfr2                  sfr2         0000
__Lsfr3                  sfr3         0000
__Lspace_0               (abs)        0000
__Lspace_1               (abs)        0000
__Lspace_2               (abs)        0000
__Lspace_3               (abs)        0000
__Lspace_4               (abs)        0000
__Lstack                 stack        0000
__Lstrings               strings      0000
__Ltext                  text         0000
__S0                     (abs)        02F5
__S1                     (abs)        007B
__S3                     (abs)        0000
___int_sp                stack        0000
___latbits               (abs)        0002
___lldiv                 text8        0202
___lldiv@counter         cstackCOMMON 0078
___lldiv@dividend        cstackBANK0  0024
___lldiv@divisor         cstackBANK0  0020
___lldiv@quotient        cstackCOMMON 0074
___sp                    stack        0000
___stackhi               (abs)        0000
___stacklo               (abs)        0000
__end_of_Isr             text9        02A9
__end_of_UARTDataReady   text11       02F3
__end_of_UARTInit        text7        0202
__end_of_UARTReadChar    text10       02D7
__end_of_UARTSendChar    text6        02E3
__end_of___lldiv         text8        026A
__end_of__initialization cinit        001F
__end_of_adc_RO          text3        02BB
__end_of_adc_channel     text2        018F
__end_of_adc_output      text5        02EC
__end_of_adc_read        text4        02C9
__end_of_adc_setup       text1        0294
__end_of_main            maintext     00FA
__initialization         cinit        000F
__pbitbssCOMMON          bitbssCOMMON 03D0
__pbssBANK0              bssBANK0     0033
__pcstackBANK0           cstackBANK0  0020
__pcstackCOMMON          cstackCOMMON 0070
__pdataBANK0             dataBANK0    0036
__pidataBANK0            idataBANK0   02F3
__pintentry              intentry     0004
__pmaintext              maintext     0023
__ptext1                 text1        026A
__ptext10                text10       02C9
__ptext11                text11       02EC
__ptext2                 text2        00FA
__ptext3                 text3        02A9
__ptext4                 text4        02BB
__ptext5                 text5        02E3
__ptext6                 text6        02D7
__ptext7                 text7        018F
__ptext8                 text8        0202
__ptext9                 text9        0294
_adc_RO                  text3        02A9
_adc_channel             text2        00FA
_adc_output              text5        02E3
_adc_read                text4        02BB
_adc_setup               text1        026A
_button                  bitbssCOMMON 03D0
_datastream              bssBANK0     0033
_down                    bitbssCOMMON 03D2
_left                    bitbssCOMMON 03D1
_main                    maintext     0023
_right                   bitbssCOMMON 03D3
_up                      bitbssCOMMON 03D4
_x                       bssBANK0     0035
_y                       bssBANK0     0034
adc_RO@channel           cstackCOMMON 0076
adc_channel@channel      cstackCOMMON 0073
adc_read@channel         cstackCOMMON 0074
adc_setup@inter          cstackCOMMON 0074
btemp                    (abs)        007E
end_of_initialization    cinit        001F
interrupt_function       intentry     0004
intlevel0                functab      0000
intlevel1                functab      0000
intlevel2                functab      0000
intlevel3                functab      0000
intlevel4                functab      0000
intlevel5                functab      0000
main@datastreamtemp      cstackCOMMON 0079
reset_vec                reset_vec    0000
saved_w                  (abs)        007E
start                    init         000C
start_initialization     cinit        000F
wtemp0                   (abs)        007E


MODULE INFORMATION

Module		Function		Class		Link	Load	Size
uart.c
		_UARTDataReady 		CODE           	02EC	0000	7
		_UARTInit      		CODE           	018F	0000	115
		_UARTReadChar  		CODE           	02C9	0000	14
		_UARTSendChar  		CODE           	02D7	0000	12

uart.c estimated size: 148

C:\Program Files\Microchip\xc8\v2.40\pic\sources\c90\common\__lldiv.c
		___lldiv       		CODE           	0202	0000	104

C:\Program Files\Microchip\xc8\v2.40\pic\sources\c90\common\__lldiv.c estimated size: 104

adc.c
		_adc_setup     		CODE           	026A	0000	42
		_adc_channel   		CODE           	00FA	0000	149
		_adc_read      		CODE           	02BB	0000	14
		_adc_output    		CODE           	02E3	0000	9
		_adc_RO        		CODE           	02A9	0000	18

adc.c estimated size: 232

shared
		__initialization		CODE           	000F	0000	16

shared estimated size: 16

main.c
		_Isr           		CODE           	0294	0000	21
		_main          		CODE           	0023	0000	215

main.c estimated size: 236

